// Jest Snapshot v1, https://goo.gl/fbAQLP

exports[`screen/OpenChannelCreate renders correctly 1`] = `
<View
  style={
    Object {
      "backgroundColor": "#fff",
      "flex": 1,
    }
  }
>
  <View
    style={
      Object {
        "margin": 14,
        "marginTop": 100,
      }
    }
  >
    <RCTScrollView>
      <View>
        <TextInput
          allowFontScaling={true}
          autoCapitalize="none"
          autoCorrect={false}
          borderColor="#d9d9d9"
          duration={100}
          highlightColor="#7d62d9"
          keyboardType="default"
          label="Channel Name"
          maxLength={12}
          onChangeText={[Function]}
          textBlurColor="#000"
          textFocusColor="#7d62d9"
          underlineColorAndroid="transparent"
          value=""
        />
      </View>
    </RCTScrollView>
  </View>
  <View
    style={
      Array [
        Object {},
        undefined,
      ]
    }
  >
    <Text
      style={
        Array [
          Object {},
          undefined,
          undefined,
          undefined,
          undefined,
          undefined,
          undefined,
          undefined,
          undefined,
          undefined,
          Array [
            Object {
              "color": "#ff190c",
              "fontSize": 15,
              "marginBottom": 1,
              "marginLeft": 20,
              "marginRight": 20,
              "marginTop": 5,
            },
            Object {
              "marginLeft": 14,
            },
            undefined,
          ],
        ]
      }
    >
      
    </Text>
  </View>
</View>
`;
